[TikTok]
*ti.com
*tidal.com
*tik-tokapi.com
*tiktok.com
*tiktokcdn-eu.com
*tiktokcdn-us.com
*tiktokcdn.com
*tiktokd.net
*tiktokd.org
*tiktokv.com
*tiktokv.us
*tiktokw.us

[netflix]
netflix.ca
netflix.com
netflix.com.au
netflixdnstest1.com
netflixdnstest10.com
netflixdnstest2.com
netflixdnstest3.com
netflixdnstest4.com
netflixdnstest5.com
netflixdnstest6.com
netflixdnstest7.com
netflixdnstest8.com
netflixdnstest9.com
netflixinvestor.com
netflixstudios.com

[copilot]
copilot-telemetry.githubusercontent.com
copilot-proxy.githubusercontent.com
githubcopilot.com

[youtube]
googleusercontent.com
nhacmp3youtube.com
ytimg.com
ggpht.com
googlevideo.com
yt3.ggpht.com
yt4.ggpht.com
youtube.com
i.ytimg.com
youtubei.googleapis.com
yt3.googleusercontent.com
m.youtube.com
google.com
www.google.com
googleapis.com
gstatic.com
play.google.com
s.youtube.com
www.youtube.com
youtu.be
ggpht.com
ytimg.com
play.google.com
nhacmp3youtube.com
googleusercontent.com
connectivitycheck.gstatic.com
gstatic.com
googleapis.com
l.google

[discord]
dis.gd
discord-attachments-uploads-prd.storage.googleapis.com
discord-activities.com
discord.co
discord.com
discord.design
discord.dev
discord.gg
discord.gift
discord.gifts
discord.media
discord.new
discord.store
discord.tools
discordactivities.com
stable.dl2.discordapp.net
discordapp.com
discordapp.net
discordcdn.com
discordmerch.com
discordpartygames.com
discordsays.com
discordsez.com
discordstatus.com

[docker]
hub.docker.com
docker.elastic.co
desktop.docker.com
sessions-bugsnag.docker.com
api.dso.docker.com
production.cloudflare.docker.com
docker.io
registry-1.docker.io
auth.docker.io

[games]
game.brawlstarsgame.com
ingest.sentry.io
game-assets.clashofclans.com
gamea.clashofclans.com
clashofclans.inbox.supercell.com
supercell.com
game.clashroyaleapp.com
brawlstars.com
.wbagora.com
.wbinsights.com
wbgames.com

[ai]
ab.chatgpt.com
api.openai.com
arena.openai.com
auth.openai.com
auth0.openai.com
beta.api.openai.com
beta.openai.com
blog.openai.com
cdn.oaistatic.com
cdn.openai.com
community.openai.com
contest.openai.com
debate-game.openai.com
discuss.openai.com
files.oaiusercontent.com
gpt3-openai.com
gym.openai.com
help.openai.com
ios.chat.openai.com
jukebox.openai.com
labs.openai.com
microscope.openai.com
oaistatic.com
openai.com
openai.fund
openai.org
platform.api.openai.com
platform.openai.com
spinningup.openai
chat.openai.com
chatgpt.com

[instagram]
cdninstagram.com
instagram.com
threads.net
threadsapp.net
achat-followers-instagram.com
acheter-followers-instagram.com
acheterdesfollowersinstagram.com
acheterfollowersinstagram.com
bookstagram.com
carstagram.com
cdninstagram.com
chickstagram.com
ig.me
igcdn.com
igsonar.com
igtv.com
imstagram.com
imtagram.com
instaadder.com
instachecker.com
instafallow.com
instafollower.com
instagainer.com
instagda.com
instagify.com
instagmania.com
instagor.com
instagram-brand.com
instagram-engineering.com
instagram-help.com
instagram-press.com
instagram-press.net
instagram.com
instagramci.com
instagramcn.com
instagramdi.com
instagramhashtags.net
instagramhilecim.com
instagramhilesi.org
instagramium.com
instagramizlenme.com
instagramkusu.com
instagramlogin.com
instagramm.com
instagramn.com
instagrampartners.com
instagramphoto.com
instagramq.com
instagramsepeti.com
instagramtakipcisatinal.net
instagramtakiphilesi.com
instagramtips.com
instagramtr.com
instagran.com
instagranm.com
instagrem.com
instagrm.com
instagtram.com
instagy.com
instamgram.com
instangram.com
instanttelegram.com
instaplayer.net
instastyle.tv
instgram.com
intagram.com
intagrm.com
intgram.com
kingstagram.com
lnstagram-help.com
theinstagramhack.com
oninstagram.com
online-instagram.com
onlineinstagram.com
web-instagram.net
wwwinstagram.com

[facebook]
facebook.com
accountkit.com
atdmt.com
atlassolutions.com
facebook.net
facebookmail.com
fb.com
fb.gg
fb.watch
fbcdn.net
fbsbx.com
fbwat.ch
parse.com
m.me
messenger.com
msngr.com

[twitter]
t.co
twimg.com
twitter.com
x.com
ads-twitter.com
pscp.tv
twtrdns.net
twttr.net
twttr.com
abs.twimg.com

[torrent]
rutor.info
rutor.is
rutracker.net
rutracker.ru
rutracker.cc
rutrk.org
rutracker.org
rutor.org

[adobe]
adobe.com
firewall-prod-cloud.aem.adobe.com
foxs.campaign.adobe.com
g.apex.adobe.com
g.espn.adobe.com
g.net.adobe.com
gcs.campaign.adobe.com
gdc.adobeaemcloud.com
goldfish-adobe-07.adobe.io
good-bakery.adobeaemcloud.com
green-portal.adobe.com
hearing.campaign.adobe.com
home.adobe.io
hub.adobe.com
image.adobe.com
images.adobe.com
images2.adobe.com
images3.adobe.com
images4.adobe.com
images5.adobe.com
images6.adobe.com
images7.adobe.com
images8.adobe.com
images9.adobe.com
infinity.adobe.com
int-adobe.oobesaas.adobe.com
integration.adobe.io
interlink.adobeaemcloud.com
intranet.adobe.com
mail.adobe.io
manage.adobe.io
map.adobe.io
market.adobe.io
marketing.adobe.com
marketplace.adobe.io
mms.adobe.com
mps-adobe.com
news.adobe.com
obps.adobe.com
oneteam.adobe.com
ops.adobe.com
partner.adobe.io
pay.adobe.io
pix.adobe.io
pre.adobe.io
prod.adobe.io
qa.adobe.io
r.campaign.adobe.com
remix.adobe.io
report.adobe.io
smp.adobe.io
smtp.adobe.io
stream.adobe.io

[spotify]
pscdn.co
scdn.co
spoti.fi
spotify-everywhere.com
spotify.com
spotify.design
spotifycdn.com
spotifycdn.net
spotifycharts.com
spotifycodes.com
spotifyforbrands.com
spotifyjobs.com
audio-ak-spotify-com.akamaized.net
audio4-ak-spotify-com.akamaized.net

[Other]
*patreon.com
*metacritic.com
*soundcloud.com
*nyaa.si
*kino.pub
*lolz.guru
*mongodb.com
*mongodb.org
*habr.com
*deezer.com
*elevenlabs.io
*amnezia.org
*anidub.com
*anilibria.tv
*appstorrent.ru
*amnimego.org
*amnimego.me
*canva.com
*capcut.com
cdn-spotify-experiments.conductrics.com
heads-ak-spotify-com.akamaized.net
heads4-ak-spotify-com.akamaized.net
spotify.com.edgesuite.net
spotify.map.fastly.net
spotify.map.fastlylb.net
