*amnezia.org
*anidub.com
*anilibria.tv
*appstorrent.ru
*canva.com
*capcut.com
*cdninstagram.com
*censortracker.org
*chatgpt.com
*deezer.com
*elevenlabs.io
*facebook.com
*facebook.net
*oasis.app
*habr.com
*instagram.com
*intel.com
*intel.de
*kino.pub
*lolz.guru
*mongodb.com
*mongodb.org
*nyaa.si
*ocstore.com
*oculus.com
*rutor.info
*rutor.is
*rutor.org
*rutracker.cc
*rutracker.net
*rutracker.org
*rutracker.ru
*ti.com
*tidal.com
*tik-tokapi.com
*tiktok.com
*tiktokcdn-eu.com
*tiktokcdn-us.com
*tiktokcdn.com
*tiktokd.net
*tiktokd.org
*tiktokv.com
*tiktokv.us
*tiktokw.us
*metacritic.com
*soundcloud.com
*patreon.com
*github.com
*githubusercontent.com
*githubassets.com
*githubcopilot.com
animego.org
copilot-proxy.githubusercontent.com
copilot-telemetry.githubusercontent.com
netflix.ca
netflix.com
netflix.com.au
netflixdnstest1.com
netflixdnstest10.com
netflixdnstest2.com
netflixdnstest3.com
netflixdnstest4.com
netflixdnstest5.com
netflixdnstest6.com
netflixdnstest7.com
netflixdnstest8.com
netflixdnstest9.com
netflixinvestor.com
netflixstudios.com
user.auth.xboxlive.com
xsts.auth.xboxlive.com
pscdn.co
scdn.co
spoti.fi
spotify-everywhere.com
spotify.com
spotify.design
spotifycdn.com
spotifycdn.net
spotifycharts.com
spotifycodes.com
spotifyforbrands.com
spotifyjobs.com
audio-ak-spotify-com.akamaized.net
audio4-ak-spotify-com.akamaized.net
cdn-spotify-experiments.conductrics.com
heads-ak-spotify-com.akamaized.net
heads4-ak-spotify-com.akamaized.net
spotify.com.edgesuite.net
spotify.map.fastly.net
spotify.map.fastlylb.net
tmdb.org
api.tmdb.org
themoviedb.org
api.themoviedb.org
*googlevideo.com
yt3.ggpht.com
*youtube.com
i.ytimg.com
youtubei.googleapis.com
yt3.ggpht.com
yt3.googleusercontent.com
m.youtube.com
googleapis.com
gstatic.com
play.google.com
s.youtube.com
www.youtube.com
youtu.be
connectivitycheck.gstatic.com
play.googleapis.com
android.clients.google.com
lh3.googleusercontent.com
youtube-nocookie.com
wide-youtube.l.google.com
ytimg.l.google.com
youtubeembeddedplayer.googleapis.com
hub.docker.com
*docker.elastic.co
desktop.docker.com
sessions-bugsnag.docker.com
api.dso.docker.com
production.cloudflare.docker.com
docker.io
registry-1.docker.io
auth.docker.io
chat.openai.com
*chatgpt.com
*auth.openai.com
auth0.openai.com
*ns1.cloudflare.net
*cdn.oaistatic.com
*openai.com
*files.oaiusercontent.com
*api.openai.com
